  Determinando os projetos a serem restaurados...
  Todos os projetos est├úo atualizados para restaura├º├úo.
  sisRUA.Core -> C:\Users\jonat\OneDrive - IM3 Brasil\utils\myworld\plugin_autocad\src\sisRUA.Core\bin\x64\Release\netstandard2.0\sisRUA.Core.dll
C:\Users\jonat\OneDrive - IM3 Brasil\utils\myworld\plugin_autocad\src\plugin\GeometryCleaner.cs(6,7): warning CS0105: A diretiva using para "System.Linq" apareceu anteriormente neste namespace [C:\Users\jonat\OneDrive - IM3 Brasil\utils\myworld\plugin_autocad\src\plugin\sisRUA.csproj::TargetFramework=net48]
C:\Users\jonat\OneDrive - IM3 Brasil\utils\myworld\plugin_autocad\src\plugin\GeometryComplianceTests.cs(31,73): error CS0103: O nome "TestSimplifyPolylines_ReductionRatio" n├úo existe no contexto atual [C:\Users\jonat\OneDrive - IM3 Brasil\utils\myworld\plugin_autocad\src\plugin\sisRUA.csproj::TargetFramework=net48]
C:\Users\jonat\OneDrive - IM3 Brasil\utils\myworld\plugin_autocad\src\plugin\SisRuaPalette.cs(132,20): error CS0104: "Exception" ├® uma refer├¬ncia amb├¡gua entre "Autodesk.AutoCAD.Runtime.Exception" e "System.Exception" [C:\Users\jonat\OneDrive - IM3 Brasil\utils\myworld\plugin_autocad\src\plugin\sisRUA.csproj::TargetFramework=net48]
C:\Users\jonat\OneDrive - IM3 Brasil\utils\myworld\plugin_autocad\src\plugin\GeometryComplianceTests.cs(93,24): error CS0103: O nome "CadFeatureFactory" n├úo existe no contexto atual [C:\Users\jonat\OneDrive - IM3 Brasil\utils\myworld\plugin_autocad\src\plugin\sisRUA.csproj::TargetFramework=net48]
C:\Users\jonat\OneDrive - IM3 Brasil\utils\myworld\plugin_autocad\src\plugin\SisRuaPalette.cs(153,20): error CS0104: "Exception" ├® uma refer├¬ncia amb├¡gua entre "Autodesk.AutoCAD.Runtime.Exception" e "System.Exception" [C:\Users\jonat\OneDrive - IM3 Brasil\utils\myworld\plugin_autocad\src\plugin\sisRUA.csproj::TargetFramework=net48]
C:\Users\jonat\OneDrive - IM3 Brasil\utils\myworld\plugin_autocad\src\plugin\UI\PaletteController.cs(107,21): error CS1503: Argumento 1: n├úo ├® poss├¡vel converter de "System.Action<object>" para "Autodesk.AutoCAD.ApplicationServices.ExecuteInApplicationContextCallback" [C:\Users\jonat\OneDrive - IM3 Brasil\utils\myworld\plugin_autocad\src\plugin\sisRUA.csproj::TargetFramework=net48]
C:\Users\jonat\OneDrive - IM3 Brasil\utils\myworld\plugin_autocad\src\plugin\SisRuaCommands.cs(47,31): warning CS0414: O campo "SisRuaCommands._lastCrs" ├® atribu├¡do, mas seu valor nunca ├® usado [C:\Users\jonat\OneDrive - IM3 Brasil\utils\myworld\plugin_autocad\src\plugin\sisRUA.csproj::TargetFramework=net48]
C:\Users\jonat\OneDrive - IM3 Brasil\utils\myworld\plugin_autocad\src\plugin\GeometryCleaner.cs(6,7): warning CS0105: A diretiva using para "System.Linq" apareceu anteriormente neste namespace [C:\Users\jonat\OneDrive - IM3 Brasil\utils\myworld\plugin_autocad\src\plugin\sisRUA.csproj::TargetFramework=net8.0-windows]
C:\Users\jonat\OneDrive - IM3 Brasil\utils\myworld\plugin_autocad\src\plugin\GeometryComplianceTests.cs(31,73): error CS0103: O nome "TestSimplifyPolylines_ReductionRatio" n├úo existe no contexto atual [C:\Users\jonat\OneDrive - IM3 Brasil\utils\myworld\plugin_autocad\src\plugin\sisRUA.csproj::TargetFramework=net8.0-windows]
C:\Users\jonat\OneDrive - IM3 Brasil\utils\myworld\plugin_autocad\src\plugin\SisRuaPalette.cs(132,20): error CS0104: "Exception" ├® uma refer├¬ncia amb├¡gua entre "Autodesk.AutoCAD.Runtime.Exception" e "System.Exception" [C:\Users\jonat\OneDrive - IM3 Brasil\utils\myworld\plugin_autocad\src\plugin\sisRUA.csproj::TargetFramework=net8.0-windows]
C:\Users\jonat\OneDrive - IM3 Brasil\utils\myworld\plugin_autocad\src\plugin\GeometryComplianceTests.cs(93,24): error CS0103: O nome "CadFeatureFactory" n├úo existe no contexto atual [C:\Users\jonat\OneDrive - IM3 Brasil\utils\myworld\plugin_autocad\src\plugin\sisRUA.csproj::TargetFramework=net8.0-windows]
C:\Users\jonat\OneDrive - IM3 Brasil\utils\myworld\plugin_autocad\src\plugin\UI\PaletteController.cs(107,21): error CS1503: Argumento 1: n├úo ├® poss├¡vel converter de "System.Action<object>" para "Autodesk.AutoCAD.ApplicationServices.ExecuteInApplicationContextCallback" [C:\Users\jonat\OneDrive - IM3 Brasil\utils\myworld\plugin_autocad\src\plugin\sisRUA.csproj::TargetFramework=net8.0-windows]
C:\Users\jonat\OneDrive - IM3 Brasil\utils\myworld\plugin_autocad\src\plugin\SisRuaPalette.cs(153,20): error CS0104: "Exception" ├® uma refer├¬ncia amb├¡gua entre "Autodesk.AutoCAD.Runtime.Exception" e "System.Exception" [C:\Users\jonat\OneDrive - IM3 Brasil\utils\myworld\plugin_autocad\src\plugin\sisRUA.csproj::TargetFramework=net8.0-windows]
C:\Users\jonat\OneDrive - IM3 Brasil\utils\myworld\plugin_autocad\src\plugin\SisRuaCommands.cs(47,31): warning CS0414: O campo "SisRuaCommands._lastCrs" ├® atribu├¡do, mas seu valor nunca ├® usado [C:\Users\jonat\OneDrive - IM3 Brasil\utils\myworld\plugin_autocad\src\plugin\sisRUA.csproj::TargetFramework=net8.0-windows]

FALHA da compila├º├úo.

C:\Users\jonat\OneDrive - IM3 Brasil\utils\myworld\plugin_autocad\src\plugin\GeometryCleaner.cs(6,7): warning CS0105: A diretiva using para "System.Linq" apareceu anteriormente neste namespace [C:\Users\jonat\OneDrive - IM3 Brasil\utils\myworld\plugin_autocad\src\plugin\sisRUA.csproj::TargetFramework=net48]
C:\Users\jonat\OneDrive - IM3 Brasil\utils\myworld\plugin_autocad\src\plugin\SisRuaCommands.cs(47,31): warning CS0414: O campo "SisRuaCommands._lastCrs" ├® atribu├¡do, mas seu valor nunca ├® usado [C:\Users\jonat\OneDrive - IM3 Brasil\utils\myworld\plugin_autocad\src\plugin\sisRUA.csproj::TargetFramework=net48]
C:\Users\jonat\OneDrive - IM3 Brasil\utils\myworld\plugin_autocad\src\plugin\GeometryCleaner.cs(6,7): warning CS0105: A diretiva using para "System.Linq" apareceu anteriormente neste namespace [C:\Users\jonat\OneDrive - IM3 Brasil\utils\myworld\plugin_autocad\src\plugin\sisRUA.csproj::TargetFramework=net8.0-windows]
C:\Users\jonat\OneDrive - IM3 Brasil\utils\myworld\plugin_autocad\src\plugin\SisRuaCommands.cs(47,31): warning CS0414: O campo "SisRuaCommands._lastCrs" ├® atribu├¡do, mas seu valor nunca ├® usado [C:\Users\jonat\OneDrive - IM3 Brasil\utils\myworld\plugin_autocad\src\plugin\sisRUA.csproj::TargetFramework=net8.0-windows]
C:\Users\jonat\OneDrive - IM3 Brasil\utils\myworld\plugin_autocad\src\plugin\GeometryComplianceTests.cs(31,73): error CS0103: O nome "TestSimplifyPolylines_ReductionRatio" n├úo existe no contexto atual [C:\Users\jonat\OneDrive - IM3 Brasil\utils\myworld\plugin_autocad\src\plugin\sisRUA.csproj::TargetFramework=net48]
C:\Users\jonat\OneDrive - IM3 Brasil\utils\myworld\plugin_autocad\src\plugin\SisRuaPalette.cs(132,20): error CS0104: "Exception" ├® uma refer├¬ncia amb├¡gua entre "Autodesk.AutoCAD.Runtime.Exception" e "System.Exception" [C:\Users\jonat\OneDrive - IM3 Brasil\utils\myworld\plugin_autocad\src\plugin\sisRUA.csproj::TargetFramework=net48]
C:\Users\jonat\OneDrive - IM3 Brasil\utils\myworld\plugin_autocad\src\plugin\GeometryComplianceTests.cs(93,24): error CS0103: O nome "CadFeatureFactory" n├úo existe no contexto atual [C:\Users\jonat\OneDrive - IM3 Brasil\utils\myworld\plugin_autocad\src\plugin\sisRUA.csproj::TargetFramework=net48]
C:\Users\jonat\OneDrive - IM3 Brasil\utils\myworld\plugin_autocad\src\plugin\SisRuaPalette.cs(153,20): error CS0104: "Exception" ├® uma refer├¬ncia amb├¡gua entre "Autodesk.AutoCAD.Runtime.Exception" e "System.Exception" [C:\Users\jonat\OneDrive - IM3 Brasil\utils\myworld\plugin_autocad\src\plugin\sisRUA.csproj::TargetFramework=net48]
C:\Users\jonat\OneDrive - IM3 Brasil\utils\myworld\plugin_autocad\src\plugin\UI\PaletteController.cs(107,21): error CS1503: Argumento 1: n├úo ├® poss├¡vel converter de "System.Action<object>" para "Autodesk.AutoCAD.ApplicationServices.ExecuteInApplicationContextCallback" [C:\Users\jonat\OneDrive - IM3 Brasil\utils\myworld\plugin_autocad\src\plugin\sisRUA.csproj::TargetFramework=net48]
C:\Users\jonat\OneDrive - IM3 Brasil\utils\myworld\plugin_autocad\src\plugin\GeometryComplianceTests.cs(31,73): error CS0103: O nome "TestSimplifyPolylines_ReductionRatio" n├úo existe no contexto atual [C:\Users\jonat\OneDrive - IM3 Brasil\utils\myworld\plugin_autocad\src\plugin\sisRUA.csproj::TargetFramework=net8.0-windows]
C:\Users\jonat\OneDrive - IM3 Brasil\utils\myworld\plugin_autocad\src\plugin\SisRuaPalette.cs(132,20): error CS0104: "Exception" ├® uma refer├¬ncia amb├¡gua entre "Autodesk.AutoCAD.Runtime.Exception" e "System.Exception" [C:\Users\jonat\OneDrive - IM3 Brasil\utils\myworld\plugin_autocad\src\plugin\sisRUA.csproj::TargetFramework=net8.0-windows]
C:\Users\jonat\OneDrive - IM3 Brasil\utils\myworld\plugin_autocad\src\plugin\GeometryComplianceTests.cs(93,24): error CS0103: O nome "CadFeatureFactory" n├úo existe no contexto atual [C:\Users\jonat\OneDrive - IM3 Brasil\utils\myworld\plugin_autocad\src\plugin\sisRUA.csproj::TargetFramework=net8.0-windows]
C:\Users\jonat\OneDrive - IM3 Brasil\utils\myworld\plugin_autocad\src\plugin\UI\PaletteController.cs(107,21): error CS1503: Argumento 1: n├úo ├® poss├¡vel converter de "System.Action<object>" para "Autodesk.AutoCAD.ApplicationServices.ExecuteInApplicationContextCallback" [C:\Users\jonat\OneDrive - IM3 Brasil\utils\myworld\plugin_autocad\src\plugin\sisRUA.csproj::TargetFramework=net8.0-windows]
C:\Users\jonat\OneDrive - IM3 Brasil\utils\myworld\plugin_autocad\src\plugin\SisRuaPalette.cs(153,20): error CS0104: "Exception" ├® uma refer├¬ncia amb├¡gua entre "Autodesk.AutoCAD.Runtime.Exception" e "System.Exception" [C:\Users\jonat\OneDrive - IM3 Brasil\utils\myworld\plugin_autocad\src\plugin\sisRUA.csproj::TargetFramework=net8.0-windows]
    4 Aviso(s)
    10 Erro(s)

Tempo Decorrido 00:00:01.42
